// Jest Snapshot v1, https://goo.gl/fbAQLP

exports[`SHA_1 should hexify 1`] = `"00f2d6699acc796593a3cd60f5a039955e2d03c2"`;
